// Jest Snapshot v1, https://goo.gl/fbAQLP

exports[`InterpretadorRemissao Deve interpretar lei 1`] = `
Array [
  Object {
    "idx": 22,
    "remissao": Object {
      "identificador": Object {
        "ano": 1975,
        "numero": 6763,
        "tipo": Object {
          "ambito": "Minas Gerais",
          "sigla": "LEI",
          "tipo": "Lei",
        },
      },
      "referencia": Array [
        Object {
          "alinea": undefined,
          "artigo": "225",
          "inciso": undefined,
          "item": undefined,
          "paragrafo": "6º",
          "texto": "§ 6º do art. 225 da ",
        },
      ],
      "texto": "Lei nº 6.763, de 26 de dezembro de 1975",
    },
  },
]
`;

exports[`InterpretadorRemissao Deve interpretar remissões do Decreto com Numeração Especial 471 de 23/09/2019 1`] = `
Array [
  Object {
    "idx": 81,
    "remissao": Object {
      "identificador": Object {
        "ano": 2006,
        "numero": 11428,
        "tipo": Object {
          "ambito": "Federal",
          "sigla": "LF",
          "tipo": "Lei Federal",
        },
      },
      "referencia": Array [
        Object {
          "alinea": "b",
          "artigo": "3º",
          "inciso": "VII",
          "item": undefined,
          "paragrafo": "3º",
          "texto": "alínea “b” do inciso VII do art. 3º e no ",
        },
        Object {
          "alinea": undefined,
          "artigo": "14",
          "inciso": undefined,
          "item": undefined,
          "paragrafo": "3º",
          "texto": "§ 3º do art. 14, ambos da ",
        },
      ],
      "texto": "Lei Federal nº 11.428, de 22 de dezembro de 2006",
    },
  },
]
`;
